// Jest Snapshot v1, https://goo.gl/fbAQLP

exports[`CounterWrong component Should have 0 as default value when start render 1`] = `
<div>
  <div>
    <h3>
      Wrong Counter
    </h3>
    <p>
      Count: 
      <span
        data-testid="count"
      >
        0
      </span>
    </p>
    <button
      data-testid="add"
    >
      +1
    </button>
    <button
      data-testid="minus"
    >
      -1
    </button>
  </div>
</div>
`;
